I'm sorry, but errors were detected in your script. Please correct the
errors listed below, and try again.


File "game/script.rpy", line 48: Line is indented, but the preceding image statement statement does not expect a block. Please check this line's indentation.
    zoom 0.5
    ^

Ren'Py Version: Ren'Py 7.4.11.2266
Mon Feb 21 19:22:58 2022
